platcheck: hart 0
platcheck: model riscv-virtio,qemu
platcheck: memory 80000000 01000000
platcheck: done 00100000
platcheck: console 10000000
platcheck: clint 02000000
platcheck: mtime advances
platcheck: time follows mtime
platcheck: mtimecmp and msip hold
platcheck: input absent
platcheck: display absent
platcheck: simd4 absent
platcheck: g1 absent
platcheck: g2 absent
PASS bee59113
