kernel: tiny-processors RV32 machine, hart 0
kernel: devices console clint plic input display g1 g2 dma disk
kernel: 20 programs
kernel: disk 12288 sectors, tfs
sh: ls, NAME [ARGS] [&], wait, halt [CODE]
$ diskprog one two
diskprog: 65536 words at 80d80834, all right, args: one two
$ pad
sh: pad: cannot run
$ renamed
sh: renamed: cannot run
$ palcheck
palcheck: power-on palette is RGB332
palcheck: set and read back, top byte dropped
palcheck: restored; bad requests refused
$ files
pad 4194304
diskprog 264316
renamed 264316
palcheck 2704
$ halt
kernel: halt, 3 exits
PASS e9591b4a
