kernel: riscv-virtio,qemu, hart 0
kernel: devices console clint plic disk
kernel: 20 programs
kernel: disk 12288 sectors, tfs
sh: ls, NAME [ARGS] [&], wait, halt [CODE]
$ diskprog one two
diskprog: 65536 words at 80d80834, all right, args: one two
$ pad
sh: pad: cannot run
$ renamed
sh: renamed: cannot run
$ files
pad 4194304
diskprog 264316
renamed 264316
$ halt
kernel: halt, 2 exits
PASS f58ccc18
