kernel: riscv-virtio,qemu, hart 0
kernel: devices console clint plic disk
kernel: 19 programs
kernel: disk 256 sectors, tfs
sh: ls, NAME [ARGS] [&], wait, halt [CODE]
$ fpcheck
fpcheck: fresh state
fpcheck: rounding
fpcheck: flags
fpcheck: fpmate
fpcheck: preempted
fpcheck: ok
$ halt
kernel: halt, 2 exits
PASS 31bb42c3
