kernel: tiny-processors RV32 machine, hart 0
kernel: devices console clint plic input display g1 g2 disk
kernel: 13 programs
kernel: disk 256 sectors, tfs
sh: ls, NAME [ARGS] [&], wait, halt [CODE]
$ bars &
[2]
$ life &
[3]
$ wait
$ cat bars.out
bars: 24 frames, sum 6bf3c4c5, preempted yes
$ cat life.out
life: 16 generations, population 31, sum 63c97f8a, preempted yes
$ halt
kernel: halt, 4 exits
PASS 408a6738
