kernel: tiny-processors RV32 machine, hart 0
kernel: devices console clint plic input display g1 g2 dma disk
kernel: 19 programs
kernel: disk 256 sectors, tfs
sh: ls, NAME [ARGS] [&], wait, halt [CODE]
$ libccheck one "two words"
libccheck: 2 arguments, "two words"
libccheck: printf 7 2.50 ok
libccheck: conversions
libccheck: strings
libccheck: heap
libccheck: setjmp
libccheck: maths 1.4142135623731 0.841470984807897
libccheck: nosuch: No such file or directory
libccheck: files
libccheck: errors
libccheck: type a line: 3 plus 4
libccheck: 3 plus 4 is 7
libccheck: time
libccheck: ok
$ cat libc.out
rewritten
$ cat left.out
left open at exit
$ files
welcome 83
hello.lua 319
queens.lua 560
words.lua 859
libc.out 10
full.out 4096
left.out 18
$ fault stack
kernel: pid 6 fault killed: cause 15 at fault+0x80 tval 80218fa0 (stack overflow)
sh: fault exited 143
$ halt
kernel: halt, 5 exits
PASS 121b845d
