kernel: tiny-processors RV32 machine, hart 0
kernel: devices console clint plic input display g1 g2
kernel: 8 programs
sh: ls, NAME [ARGS] [&], wait, halt [CODE]
$ ls
sh
hello
primes
pong
tetris
menu
syscheck
fault
$ hello
hello from pid 2
$ hello a b c
hello from pid 3, args: a b c
$ primes
primes: 2262 below 20000, largest 19997
$ primes 100
primes: 25 below 100, largest 97
$ primes 2
primes: N must be 3..100000
sh: primes exited 1
$ nosuch
sh: nosuch: cannot run
$ syscheck
syscheck: pointers
syscheck: sbrk
hello from pid 8, args: from syscheck
syscheck: processes
syscheck: list
syscheck: time
syscheck: ok
$ fault load
kernel: pid 9 fault killed: cause 5 at 802c0074 tval 00200000
sh: fault exited 133
$ fault illegal
kernel: pid 10 fault killed: cause 2 at 802c0054 tval c0001073
sh: fault exited 130
$ hello still here
hello from pid 11, args: still here
$ halt
kernel: halt, 10 exits
PASS 34b7bb53
